// Vitest Snapshot v1, https://vitest.dev/guide/snapshot.html

exports[`matrix case enumeration (R2-16) > the full id list is the census — additions and removals bless deliberately 1`] = `
[
  "spectrum-bars/@defaults",
  "spectrum-bars/style/classic",
  "spectrum-bars/style/emberWall",
  "spectrum-bars/style/hairline",
  "spectrum-bars/style/neonMirror",
  "spectrum-bars/style/skyline",
  "spectrum-bars/style/broadcast",
  "spectrum-bars/style/slowBurn",
  "spectrum-bars/style/pulseRoom",
  "spectrum-bars/style/stereoField",
  "spectrum-bars/style/nightStage",
  "spectrum-bars/style/hiFi",
  "spectrum-bars/style/undertow",
  "spectrum-bars/color/grayscale",
  "spectrum-bars/color/bright-grayscale",
  "radial-burst/@defaults",
  "radial-burst/style/violet",
  "radial-burst/style/sunDial",
  "radial-burst/style/mandala",
  "radial-burst/style/liquidCore",
  "radial-burst/style/vinyl",
  "radial-burst/style/supernova",
  "radial-burst/style/compass",
  "radial-burst/color/grayscale",
  "radial-burst/color/bright-grayscale",
  "oscilloscope/@defaults",
  "oscilloscope/style/neon",
  "oscilloscope/style/lissajous",
  "oscilloscope/style/amber",
  "oscilloscope/style/ribbon",
  "oscilloscope/style/laser",
  "oscilloscope/style/ecg",
  "oscilloscope/style/smoke",
  "oscilloscope/style/bench",
  "oscilloscope/style/sampler",
  "oscilloscope/style/logic",
  "oscilloscope/style/fireflies",
  "oscilloscope/style/xyrose",
  "oscilloscope/style/phase",
  "oscilloscope/style/vectordraw",
  "particles/@defaults",
  "particles/style/drift",
  "particles/style/warp",
  "particles/style/snow",
  "particles/style/embers",
  "particles/style/kaleido",
  "particles/style/deepField",
  "particles/style/rave",
  "particles/style/bokeh",
  "particles/style/meteorShower",
  "particles/style/constellation",
  "particles/style/warpPrism",
  "particles/color/grayscale",
  "particles/color/bright-grayscale",
  "tunnel-rings/@defaults",
  "tunnel-rings/style/ember",
  "tunnel-rings/style/wireframe",
  "tunnel-rings/style/corkscrew",
  "tunnel-rings/style/cathedral",
  "tunnel-rings/style/hyper",
  "tunnel-rings/style/kaleidoTube",
  "tunnel-rings/style/iceCave",
  "tunnel-rings/style/waterslide",
  "tunnel-rings/style/foundry",
  "tunnel-rings/style/honeycomb",
  "tunnel-rings/style/vector",
  "tunnel-rings/style/gullet",
  "tunnel-rings/style/gallery",
  "tunnel-rings/style/interchange",
  "tunnel-rings/style/slipstream",
  "nebula/@defaults",
  "nebula/style/magenta",
  "nebula/style/stainedGlass",
  "nebula/style/ink",
  "nebula/style/fractalIce",
  "nebula/style/solar",
  "nebula/style/mandala",
  "nebula/style/oilSlick",
  "nebula/style/deepSpace",
  "nebula/style/emission",
  "nebula/style/nursery",
  "nebula/style/stellarWind",
  "nebula/style/pinwheel",
  "metaballs/@defaults",
  "metaballs/style/lava",
  "metaballs/style/chrome",
  "metaballs/style/binary",
  "metaballs/style/swarm",
  "metaballs/style/eclipse",
  "metaballs/style/sunspot",
  "metaballs/style/petri",
  "metaballs/style/goo",
  "metaballs/style/amoeba",
  "metaballs/style/showroom",
  "metaballs/style/mercury",
  "led-matrix/@defaults",
  "led-matrix/style/vu",
  "led-matrix/style/jumbotron",
  "led-matrix/style/terminal",
  "led-matrix/style/chunky",
  "led-matrix/style/amber",
  "led-matrix/style/blueprint",
  "led-matrix/style/nightclub",
  "led-matrix/style/spectrogram",
  "led-matrix/style/rain",
  "led-matrix/style/prism",
  "led-matrix/color/grayscale",
  "led-matrix/color/bright-grayscale",
  "voice-orb/@defaults",
  "voice-orb/style/aqua",
  "voice-orb/style/podcast",
  "voice-orb/style/roundtable",
  "voice-orb/style/hologram",
  "voice-orb/style/broadcast",
  "voice-orb/style/sonar",
  "voice-orb/style/candlelight",
  "voice-orb/style/pearls",
  "voice-orb/style/frost",
  "voice-orb/style/fullBand",
  "echo-trails/@defaults",
  "echo-trails/style/tunnel",
  "echo-trails/style/roseWindow",
  "echo-trails/style/vortex",
  "echo-trails/style/supernova",
  "echo-trails/style/glacier",
  "echo-trails/style/magnetar",
  "echo-trails/style/smoke",
  "echo-trails/style/prism",
  "echo-trails/style/starfall",
  "echo-trails/style/pinwheel",
  "echo-trails/style/seismic",
  "echo-trails/style/droste",
  "echo-trails/style/riptide",
  "echo-trails/style/maelstrom",
  "particle-flow/@defaults",
  "particle-flow/style/flow",
  "particle-flow/style/galaxy",
  "particle-flow/style/inkDrop",
  "particle-flow/style/solarWind",
  "particle-flow/style/blizzard",
  "particle-flow/style/firehose",
  "particle-flow/style/filaments",
  "particle-flow/style/slipstream",
  "particle-flow/style/wake",
  "particle-flow/style/accretion",
  "particle-flow/style/halo",
  "particle-flow/style/horizon",
  "particle-flow/style/silk",
  "particle-flow/style/static",
  "particle-flow/color/grayscale",
  "particle-flow/color/bright-grayscale",
  "spectrum-scape/@defaults",
  "spectrum-scape/style/city",
  "spectrum-scape/style/street",
  "spectrum-scape/style/flyover",
  "spectrum-scape/style/topdown",
  "spectrum-scape/style/monolith",
  "spectrum-scape/style/neonGrid",
  "spectrum-scape/style/canyon",
  "spectrum-scape/style/terrain",
  "spectrum-scape/style/galaxy",
  "spectrum-scape/style/spires",
  "spectrum-scape/style/flashpoint",
  "spectrum-scape/style/waveride",
  "spectrum-scape/style/harbor",
  "spectrum-scape/color/grayscale",
  "spectrum-scape/color/bright-grayscale",
  "aurora/@defaults",
  "aurora/style/boreal",
  "aurora/style/iceMirror",
  "aurora/style/solarStorm",
  "aurora/style/silk",
  "aurora/style/cathedral",
  "aurora/style/cosmic",
  "aurora/style/veil",
  "aurora/style/ember",
  "aurora/style/moonrise",
  "aurora/style/ridgeline",
  "aurora/style/molten",
  "synthwave/@defaults",
  "synthwave/style/sunset",
  "synthwave/style/miami",
  "synthwave/style/midnight",
  "synthwave/style/bigSun",
  "synthwave/style/hyperdrive",
  "synthwave/style/chrome",
  "synthwave/style/storm",
  "synthwave/style/gold",
  "synthwave/style/outrun",
  "synthwave/style/metropolis",
  "synthwave/style/poster",
  "synthwave/style/cityLimits",
  "bass-circle/@defaults",
  "bass-circle/style/violet",
  "bass-circle/style/bokeh",
  "bass-circle/style/vinyl",
  "bass-circle/style/turbine",
  "bass-circle/style/inferno",
  "bass-circle/style/monoInk",
  "bass-circle/style/halo",
  "bass-circle/style/gold",
  "bass-circle/style/meter",
  "bass-circle/style/fireflies",
  "bass-circle/style/pulseCore",
  "bass-circle/style/polaroid",
  "bass-circle/color/grayscale",
  "bass-circle/color/bright-grayscale",
  "spectro-falls/@defaults",
  "spectro-falls/style/falls",
  "spectro-falls/style/sonar",
  "spectro-falls/style/tape",
  "spectro-falls/style/prism",
  "spectro-falls/style/ember",
  "spectro-falls/style/score",
  "spectro-falls/color/grayscale",
  "spectro-falls/color/bright-grayscale",
  "lyric-stage/@defaults",
  "lyric-stage/style/stage",
  "lyric-stage/style/marquee",
  "lyric-stage/style/prompter",
  "lyric-stage/style/stadium",
  "lyric-stage/style/velvet",
  "lyric-stage/style/ink",
  "lyric-stage/color/grayscale",
  "lyric-stage/color/bright-grayscale",
  "gatefold/@defaults",
  "gatefold/style/fold",
  "gatefold/style/museum",
  "gatefold/style/echoRoom",
  "gatefold/style/poster",
  "gatefold/style/neonSleeve",
  "gatefold/style/zine",
  "gatefold/color/grayscale",
  "gatefold/color/bright-grayscale",
  "overgrowth/@defaults",
  "overgrowth/style/growth",
  "overgrowth/style/reef",
  "overgrowth/style/lichen",
  "overgrowth/style/sumi",
  "overgrowth/style/mitosis",
  "overgrowth/style/veins",
  "overgrowth/color/grayscale",
  "overgrowth/color/bright-grayscale",
  "builder2/@defaults",
  "spectrum-bars/extreme/min",
  "spectrum-bars/extreme/max",
  "radial-burst/extreme/min",
  "radial-burst/extreme/max",
  "oscilloscope/extreme/min",
  "oscilloscope/extreme/max",
  "particles/extreme/min",
  "particles/extreme/max",
  "tunnel-rings/extreme/min",
  "tunnel-rings/extreme/max",
  "nebula/extreme/min",
  "nebula/extreme/max",
  "metaballs/extreme/min",
  "metaballs/extreme/max",
  "led-matrix/extreme/min",
  "led-matrix/extreme/max",
  "voice-orb/extreme/min",
  "voice-orb/extreme/max",
  "echo-trails/extreme/min",
  "echo-trails/extreme/max",
  "particle-flow/extreme/min",
  "particle-flow/extreme/max",
  "spectrum-scape/extreme/min",
  "spectrum-scape/extreme/max",
  "aurora/extreme/min",
  "aurora/extreme/max",
  "synthwave/extreme/min",
  "synthwave/extreme/max",
  "bass-circle/extreme/min",
  "bass-circle/extreme/max",
  "spectro-falls/extreme/min",
  "spectro-falls/extreme/max",
  "lyric-stage/extreme/min",
  "lyric-stage/extreme/max",
  "gatefold/extreme/min",
  "gatefold/extreme/max",
  "overgrowth/extreme/min",
  "overgrowth/extreme/max",
  "builder2/extreme/min",
  "builder2/extreme/max",
  "builder2/stack/classic",
  "builder2/stack/neon-club",
  "builder2/stack/sunset-drive",
  "builder2/stack/deep-space",
  "builder2/stack/cathedral",
  "builder2/stack/phosphor",
  "spectrum-bars/post/bloom",
  "spectrum-bars/post/vignette",
  "spectrum-bars/post/grain",
  "spectrum-bars/post/chromatic",
  "spectrum-bars/post/tonemap",
  "spectrum-bars/post/exposure-min",
  "spectrum-bars/post/all",
  "oscilloscope/post/bloom",
  "oscilloscope/post/vignette",
  "oscilloscope/post/grain",
  "oscilloscope/post/chromatic",
  "oscilloscope/post/tonemap",
  "oscilloscope/post/exposure-min",
  "oscilloscope/post/all",
  "spectrum-bars/motion/still",
  "spectrum-bars/motion/double",
  "spectrum-bars/motion/detail-min",
  "spectrum-bars/motion/smooth-max",
  "spectrum-bars/motion/flat",
  "oscilloscope/motion/still",
  "oscilloscope/motion/double",
  "oscilloscope/motion/detail-min",
  "oscilloscope/motion/smooth-max",
  "oscilloscope/motion/flat",
  "builder/@defaults",
  "oscilloscope/feedback/export-walk",
  "metaballs/feedback/export-walk",
  "led-matrix/feedback/export-walk",
  "echo-trails/feedback/export-walk",
  "spectro-falls/feedback/export-walk",
  "overgrowth/feedback/export-walk",
  "transition/crossfade/mid",
  "transition/wipe/mid",
  "transition/wipeup/mid",
  "transition/iris/mid",
  "transition/zoom/mid",
  "transition/glitch/mid",
  "transition/cut/mid",
  "bg/solid",
  "bg/transparent",
  "bg/image",
  "deep/spectrum-bars",
]
`;
