// Vitest Snapshot v1, https://vitest.dev/guide/snapshot.html

exports[`OfflineAnalyzer > matches the golden feature trace (regression pin) 1`] = `
{
  "beatFrames": [
    30,
    60,
    90,
  ],
  "firstFrames": [
    0.453,
    0.009,
    1,
    0.62,
    0.018,
    0.002,
    0,
    0.36,
    0.508,
    0.019,
    1,
    0.822,
    0.064,
    0.006,
    0,
    0.622,
    0.545,
    0.029,
    1,
    0.83,
    0.068,
    0.012,
    0,
    0.774,
    0.579,
    0.04,
    1,
    0.664,
    0.024,
    0.019,
    0,
    0.817,
    0.611,
    0.051,
    1,
    0.15,
    0,
    0.027,
    0,
    0.791,
  ],
  "kickFrame30": [
    0.602,
    0.213,
    1,
    0.474,
    0.003,
    0.196,
    1,
    0.375,
  ],
  "lastFrame": [
    0.442,
    0.421,
    0,
    0.1,
    0,
    0.42,
    0.021,
    0.022,
  ],
  "midFrames": [
    0.602,
    0.328,
    1,
    0.474,
    0.003,
    0.318,
    1,
    0.375,
    0.615,
    0.333,
    1,
    0.665,
    0.024,
    0.321,
    0.875,
    0.634,
  ],
}
`;
