// Vitest Snapshot v1, https://vitest.dev/guide/snapshot.html

exports[`OfflineAnalyzer > matches the golden feature trace (regression pin) 1`] = `
{
  "beatFrames": [
    0,
    30,
    60,
    90,
  ],
  "firstFrames": [
    0.453,
    0.009,
    1,
    0.62,
    0.018,
    0.247,
    1,
    0.238,
    0.508,
    0.019,
    1,
    0.822,
    0.064,
    0.433,
    0.875,
    0.437,
    0.545,
    0.029,
    1,
    0.83,
    0.068,
    0.573,
    0.766,
    0.554,
    0.579,
    0.04,
    1,
    0.664,
    0.024,
    0.678,
    0.67,
    0.572,
    0.611,
    0.051,
    1,
    0.15,
    0,
    0.757,
    0.587,
    0.539,
  ],
  "kickFrame30": [
    0.602,
    0.213,
    1,
    0.474,
    0.003,
    0.314,
    1,
    0.25,
  ],
  "lastFrame": [
    0.442,
    0.421,
    0,
    0.1,
    0,
    0.091,
    0.021,
    0.014,
  ],
  "midFrames": [
    0.602,
    0.328,
    1,
    0.474,
    0.003,
    0.315,
    1,
    0.25,
    0.615,
    0.333,
    1,
    0.665,
    0.024,
    0.484,
    0.875,
    0.448,
  ],
}
`;
